============================= test session starts =============================
platform win32 -- Python 3.14.2, pytest-9.1.1, pluggy-1.6.0 -- C:\Users\sange\OneDrive\Desktop\Incubyte\car-dealership-inventory\backend\venv\Scripts\python.exe
cachedir: .pytest_cache
rootdir: C:\Users\sange\OneDrive\Desktop\Incubyte\car-dealership-inventory\backend
plugins: anyio-4.14.2
collecting ... collected 14 items

tests/test_auth.py::test_register_new_user_succeeds PASSED               [  7%]
tests/test_auth.py::test_login_with_correct_credentials_returns_token PASSED [ 14%]
tests/test_auth.py::test_login_with_wrong_password_fails PASSED          [ 21%]
tests/test_vehicles.py::test_add_vehicle_requires_authentication PASSED  [ 28%]
tests/test_vehicles.py::test_add_vehicle_with_valid_token_succeeds PASSED [ 35%]
tests/test_vehicles.py::test_get_all_vehicles_returns_list PASSED        [ 42%]
tests/test_vehicles.py::test_search_vehicles_by_make PASSED              [ 50%]
tests/test_vehicles.py::test_search_vehicles_by_price_range PASSED       [ 57%]
tests/test_vehicles.py::test_update_vehicle_succeeds PASSED              [ 64%]
tests/test_vehicles.py::test_purchase_vehicle_decreases_quantity PASSED  [ 71%]
tests/test_vehicles.py::test_purchase_vehicle_fails_when_out_of_stock PASSED [ 78%]
tests/test_vehicles.py::test_delete_vehicle_requires_admin PASSED        [ 85%]
tests/test_vehicles.py::test_delete_vehicle_succeeds_for_admin PASSED    [ 92%]
tests/test_vehicles.py::test_restock_vehicle_succeeds_for_admin PASSED   [100%]

============================== warnings summary ===============================
venv\Lib\site-packages\fastapi\testclient.py:1
  C:\Users\sange\OneDrive\Desktop\Incubyte\car-dealership-inventory\backend\venv\Lib\site-packages\fastapi\testclient.py:1: StarletteDeprecationWarning: Using `httpx` with `starlette.testclient` is deprecated; install `httpx2` instead.
    from starlette.testclient import TestClient as TestClient  # noqa

-- Docs: https://docs.pytest.org/en/stable/how-to/capture-warnings.html
======================= 14 passed, 1 warning in 10.43s ========================
